[2026-05-16T19:51:54.081+0000] {processor.py:161} INFO - Started process (PID=163) to work on /opt/airflow/dags/titanic_dag.py
[2026-05-16T19:51:54.092+0000] {processor.py:830} INFO - Processing file /opt/airflow/dags/titanic_dag.py for tasks to queue
[2026-05-16T19:51:54.129+0000] {logging_mixin.py:188} INFO - [2026-05-16T19:51:54.125+0000] {dagbag.py:545} INFO - Filling up the DagBag from /opt/airflow/dags/titanic_dag.py
[2026-05-16T19:51:54.272+0000] {processor.py:840} INFO - DAG(s) 'titanic_mlops_pipeline' retrieved from /opt/airflow/dags/titanic_dag.py
[2026-05-16T19:51:57.063+0000] {logging_mixin.py:188} INFO - [2026-05-16T19:51:57.063+0000] {dag.py:3096} INFO - Sync 1 DAGs
[2026-05-16T19:51:57.182+0000] {logging_mixin.py:188} INFO - [2026-05-16T19:51:57.181+0000] {dag.py:3954} INFO - Setting next_dagrun for titanic_mlops_pipeline to 2026-05-10 00:00:00+00:00, run_after=2026-05-17 00:00:00+00:00
[2026-05-16T19:51:57.285+0000] {processor.py:183} INFO - Processing /opt/airflow/dags/titanic_dag.py took 3.266 seconds
[2026-05-16T19:52:28.144+0000] {processor.py:161} INFO - Started process (PID=187) to work on /opt/airflow/dags/titanic_dag.py
[2026-05-16T19:52:28.151+0000] {processor.py:830} INFO - Processing file /opt/airflow/dags/titanic_dag.py for tasks to queue
[2026-05-16T19:52:28.182+0000] {logging_mixin.py:188} INFO - [2026-05-16T19:52:28.182+0000] {dagbag.py:545} INFO - Filling up the DagBag from /opt/airflow/dags/titanic_dag.py
[2026-05-16T19:52:28.354+0000] {processor.py:840} INFO - DAG(s) 'titanic_mlops_pipeline' retrieved from /opt/airflow/dags/titanic_dag.py
[2026-05-16T19:52:29.445+0000] {logging_mixin.py:188} INFO - [2026-05-16T19:52:29.443+0000] {dag.py:3096} INFO - Sync 1 DAGs
[2026-05-16T19:52:30.065+0000] {logging_mixin.py:188} INFO - [2026-05-16T19:52:30.065+0000] {dag.py:3954} INFO - Setting next_dagrun for titanic_mlops_pipeline to 2026-05-10 00:00:00+00:00, run_after=2026-05-17 00:00:00+00:00
[2026-05-16T19:52:30.220+0000] {processor.py:183} INFO - Processing /opt/airflow/dags/titanic_dag.py took 2.103 seconds
[2026-05-16T19:53:00.686+0000] {processor.py:161} INFO - Started process (PID=205) to work on /opt/airflow/dags/titanic_dag.py
[2026-05-16T19:53:00.698+0000] {processor.py:830} INFO - Processing file /opt/airflow/dags/titanic_dag.py for tasks to queue
[2026-05-16T19:53:00.745+0000] {logging_mixin.py:188} INFO - [2026-05-16T19:53:00.738+0000] {dagbag.py:545} INFO - Filling up the DagBag from /opt/airflow/dags/titanic_dag.py
[2026-05-16T19:53:01.038+0000] {processor.py:840} INFO - DAG(s) 'titanic_mlops_pipeline' retrieved from /opt/airflow/dags/titanic_dag.py
[2026-05-16T19:53:01.321+0000] {logging_mixin.py:188} INFO - [2026-05-16T19:53:01.320+0000] {dag.py:3096} INFO - Sync 1 DAGs
[2026-05-16T19:53:01.716+0000] {logging_mixin.py:188} INFO - [2026-05-16T19:53:01.714+0000] {dag.py:3954} INFO - Setting next_dagrun for titanic_mlops_pipeline to 2026-05-10 00:00:00+00:00, run_after=2026-05-17 00:00:00+00:00
[2026-05-16T19:53:01.942+0000] {processor.py:183} INFO - Processing /opt/airflow/dags/titanic_dag.py took 1.357 seconds
[2026-05-16T19:53:32.394+0000] {processor.py:161} INFO - Started process (PID=281) to work on /opt/airflow/dags/titanic_dag.py
[2026-05-16T19:53:32.396+0000] {processor.py:830} INFO - Processing file /opt/airflow/dags/titanic_dag.py for tasks to queue
[2026-05-16T19:53:32.400+0000] {logging_mixin.py:188} INFO - [2026-05-16T19:53:32.399+0000] {dagbag.py:545} INFO - Filling up the DagBag from /opt/airflow/dags/titanic_dag.py
[2026-05-16T19:53:32.428+0000] {processor.py:840} INFO - DAG(s) 'titanic_mlops_pipeline' retrieved from /opt/airflow/dags/titanic_dag.py
[2026-05-16T19:53:32.468+0000] {logging_mixin.py:188} INFO - [2026-05-16T19:53:32.468+0000] {dag.py:3096} INFO - Sync 1 DAGs
[2026-05-16T19:53:32.499+0000] {logging_mixin.py:188} INFO - [2026-05-16T19:53:32.499+0000] {dag.py:3954} INFO - Setting next_dagrun for titanic_mlops_pipeline to 2026-05-10 00:00:00+00:00, run_after=2026-05-17 00:00:00+00:00
[2026-05-16T19:53:32.524+0000] {processor.py:183} INFO - Processing /opt/airflow/dags/titanic_dag.py took 0.137 seconds
[2026-05-16T19:54:02.664+0000] {processor.py:161} INFO - Started process (PID=295) to work on /opt/airflow/dags/titanic_dag.py
[2026-05-16T19:54:02.665+0000] {processor.py:830} INFO - Processing file /opt/airflow/dags/titanic_dag.py for tasks to queue
[2026-05-16T19:54:02.668+0000] {logging_mixin.py:188} INFO - [2026-05-16T19:54:02.667+0000] {dagbag.py:545} INFO - Filling up the DagBag from /opt/airflow/dags/titanic_dag.py
[2026-05-16T19:54:02.693+0000] {processor.py:840} INFO - DAG(s) 'titanic_mlops_pipeline' retrieved from /opt/airflow/dags/titanic_dag.py
[2026-05-16T19:54:02.735+0000] {logging_mixin.py:188} INFO - [2026-05-16T19:54:02.734+0000] {dag.py:3096} INFO - Sync 1 DAGs
[2026-05-16T19:54:02.766+0000] {logging_mixin.py:188} INFO - [2026-05-16T19:54:02.766+0000] {dag.py:3954} INFO - Setting next_dagrun for titanic_mlops_pipeline to 2026-05-10 00:00:00+00:00, run_after=2026-05-17 00:00:00+00:00
[2026-05-16T19:54:02.792+0000] {processor.py:183} INFO - Processing /opt/airflow/dags/titanic_dag.py took 0.135 seconds
[2026-05-16T19:54:32.968+0000] {processor.py:161} INFO - Started process (PID=300) to work on /opt/airflow/dags/titanic_dag.py
[2026-05-16T19:54:32.970+0000] {processor.py:830} INFO - Processing file /opt/airflow/dags/titanic_dag.py for tasks to queue
[2026-05-16T19:54:32.977+0000] {logging_mixin.py:188} INFO - [2026-05-16T19:54:32.976+0000] {dagbag.py:545} INFO - Filling up the DagBag from /opt/airflow/dags/titanic_dag.py
[2026-05-16T19:54:33.031+0000] {processor.py:840} INFO - DAG(s) 'titanic_mlops_pipeline' retrieved from /opt/airflow/dags/titanic_dag.py
[2026-05-16T19:54:33.084+0000] {logging_mixin.py:188} INFO - [2026-05-16T19:54:33.083+0000] {dag.py:3096} INFO - Sync 1 DAGs
[2026-05-16T19:54:33.136+0000] {logging_mixin.py:188} INFO - [2026-05-16T19:54:33.135+0000] {dag.py:3954} INFO - Setting next_dagrun for titanic_mlops_pipeline to 2026-05-10 00:00:00+00:00, run_after=2026-05-17 00:00:00+00:00
[2026-05-16T19:54:33.180+0000] {processor.py:183} INFO - Processing /opt/airflow/dags/titanic_dag.py took 0.229 seconds
[2026-05-16T19:55:03.248+0000] {processor.py:161} INFO - Started process (PID=305) to work on /opt/airflow/dags/titanic_dag.py
[2026-05-16T19:55:03.249+0000] {processor.py:830} INFO - Processing file /opt/airflow/dags/titanic_dag.py for tasks to queue
[2026-05-16T19:55:03.252+0000] {logging_mixin.py:188} INFO - [2026-05-16T19:55:03.251+0000] {dagbag.py:545} INFO - Filling up the DagBag from /opt/airflow/dags/titanic_dag.py
[2026-05-16T19:55:03.275+0000] {processor.py:840} INFO - DAG(s) 'titanic_mlops_pipeline' retrieved from /opt/airflow/dags/titanic_dag.py
[2026-05-16T19:55:03.320+0000] {logging_mixin.py:188} INFO - [2026-05-16T19:55:03.320+0000] {dag.py:3096} INFO - Sync 1 DAGs
[2026-05-16T19:55:03.375+0000] {logging_mixin.py:188} INFO - [2026-05-16T19:55:03.375+0000] {dag.py:3954} INFO - Setting next_dagrun for titanic_mlops_pipeline to 2026-05-10 00:00:00+00:00, run_after=2026-05-17 00:00:00+00:00
[2026-05-16T19:55:03.405+0000] {processor.py:183} INFO - Processing /opt/airflow/dags/titanic_dag.py took 0.165 seconds
[2026-05-16T19:55:33.670+0000] {processor.py:161} INFO - Started process (PID=310) to work on /opt/airflow/dags/titanic_dag.py
[2026-05-16T19:55:33.672+0000] {processor.py:830} INFO - Processing file /opt/airflow/dags/titanic_dag.py for tasks to queue
[2026-05-16T19:55:33.679+0000] {logging_mixin.py:188} INFO - [2026-05-16T19:55:33.679+0000] {dagbag.py:545} INFO - Filling up the DagBag from /opt/airflow/dags/titanic_dag.py
[2026-05-16T19:55:33.738+0000] {processor.py:840} INFO - DAG(s) 'titanic_mlops_pipeline' retrieved from /opt/airflow/dags/titanic_dag.py
[2026-05-16T19:55:33.823+0000] {logging_mixin.py:188} INFO - [2026-05-16T19:55:33.822+0000] {dag.py:3096} INFO - Sync 1 DAGs
[2026-05-16T19:55:33.887+0000] {logging_mixin.py:188} INFO - [2026-05-16T19:55:33.887+0000] {dag.py:3954} INFO - Setting next_dagrun for titanic_mlops_pipeline to 2026-05-10 00:00:00+00:00, run_after=2026-05-17 00:00:00+00:00
[2026-05-16T19:55:33.938+0000] {processor.py:183} INFO - Processing /opt/airflow/dags/titanic_dag.py took 0.279 seconds
