[2026-05-16T19:52:22.530+0000] {local_task_job_runner.py:120} INFO - ::group::Pre task execution logs
[2026-05-16T19:52:22.653+0000] {taskinstance.py:2076} INFO - Dependencies all met for dep_context=non-requeueable deps ti=<TaskInstance: titanic_mlops_pipeline.training scheduled__2026-05-03T00:00:00+00:00 [queued]>
[2026-05-16T19:52:22.691+0000] {taskinstance.py:2076} INFO - Dependencies all met for dep_context=requeueable deps ti=<TaskInstance: titanic_mlops_pipeline.training scheduled__2026-05-03T00:00:00+00:00 [queued]>
[2026-05-16T19:52:22.692+0000] {taskinstance.py:2306} INFO - Starting attempt 1 of 2
[2026-05-16T19:52:22.729+0000] {taskinstance.py:2330} INFO - Executing <Task(PythonOperator): training> on 2026-05-03 00:00:00+00:00
[2026-05-16T19:52:22.749+0000] {standard_task_runner.py:90} INFO - Running: ['***', 'tasks', 'run', 'titanic_mlops_pipeline', 'training', 'scheduled__2026-05-03T00:00:00+00:00', '--job-id', '4', '--raw', '--subdir', 'DAGS_FOLDER/titanic_dag.py', '--cfg-path', '/tmp/tmpuj0tmgaf']
[2026-05-16T19:52:22.756+0000] {standard_task_runner.py:91} INFO - Job 4: Subtask training
[2026-05-16T19:52:22.769+0000] {logging_mixin.py:188} WARNING - /home/***/.local/lib/python3.12/site-packages/***/task/task_runner/standard_task_runner.py:61 DeprecationWarning: This process (pid=183) is multi-threaded, use of fork() may lead to deadlocks in the child.
[2026-05-16T19:52:22.771+0000] {standard_task_runner.py:63} INFO - Started process 184 to run task
[2026-05-16T19:52:22.915+0000] {task_command.py:426} INFO - Running <TaskInstance: titanic_mlops_pipeline.training scheduled__2026-05-03T00:00:00+00:00 [running]> on host 833e00ffa591
[2026-05-16T19:52:23.111+0000] {taskinstance.py:2648} INFO - Exporting env vars: AIRFLOW_CTX_DAG_OWNER='etudiant-mlops' AIRFLOW_CTX_DAG_ID='titanic_mlops_pipeline' AIRFLOW_CTX_TASK_ID='training' AIRFLOW_CTX_EXECUTION_DATE='2026-05-03T00:00:00+00:00' AIRFLOW_CTX_TRY_NUMBER='1' AIRFLOW_CTX_DAG_RUN_ID='scheduled__2026-05-03T00:00:00+00:00'
[2026-05-16T19:52:23.114+0000] {taskinstance.py:430} INFO - ::endgroup::
[2026-05-16T19:52:38.765+0000] {logging_mixin.py:188} WARNING - 2026/05/16 19:52:38 INFO mlflow.store.db.utils: Creating initial MLflow database tables...
[2026-05-16T19:52:38.914+0000] {logging_mixin.py:188} WARNING - 2026/05/16 19:52:38 INFO mlflow.store.db.utils: Updating database tables
[2026-05-16T19:52:44.169+0000] {logging_mixin.py:188} WARNING - 2026/05/16 19:52:44 INFO mlflow.tracking.fluent: Experiment with name 'titanic-mlops' does not exist. Creating a new experiment.
[2026-05-16T19:52:45.081+0000] {logging_mixin.py:188} WARNING - 2026/05/16 19:52:45 WARNING mlflow.utils.git_utils: Failed to import Git (the Git executable is probably not on your PATH), so Git SHA is not available. Error: Failed to initialize: Bad git executable.
The git executable must be specified in one of the following ways:
    - be included in your $PATH
    - be set via $GIT_PYTHON_GIT_EXECUTABLE
    - explicitly set via git.refresh(<full-path-to-git-executable>)

All git commands will error until this is rectified.

This initial message can be silenced or aggravated in the future by setting the
$GIT_PYTHON_REFRESH environment variable. Use one of the following values:
    - quiet|q|silence|s|silent|none|n|0: for no message or exception
    - warn|w|warning|log|l|1: for a warning message (logging level CRITICAL, displayed by default)
    - error|e|exception|raise|r|2: for a raised exception

Example:
    export GIT_PYTHON_REFRESH=quiet
[2026-05-16T19:52:45.556+0000] {logging_mixin.py:188} WARNING - 2026/05/16 19:52:45 WARNING mlflow.models.model: `artifact_path` is deprecated. Please use `name` instead.
[2026-05-16T19:52:46.263+0000] {logging_mixin.py:188} WARNING - 2026/05/16 19:52:46 WARNING mlflow.sklearn: Saving scikit-learn models in the pickle or cloudpickle format requires exercising caution because these formats rely on Python's object serialization mechanism, which can execute arbitrary code during deserialization. The recommended safe alternative is the 'skops' format. For more information, see: https://scikit-learn.org/stable/model_persistence.html
[2026-05-16T19:53:12.717+0000] {logging_mixin.py:188} WARNING - 2026/05/16 19:53:12 WARNING mlflow.models.model: `artifact_path` is deprecated. Please use `name` instead.
[2026-05-16T19:53:12.849+0000] {logging_mixin.py:188} WARNING - 2026/05/16 19:53:12 WARNING mlflow.sklearn: Saving scikit-learn models in the pickle or cloudpickle format requires exercising caution because these formats rely on Python's object serialization mechanism, which can execute arbitrary code during deserialization. The recommended safe alternative is the 'skops' format. For more information, see: https://scikit-learn.org/stable/model_persistence.html
[2026-05-16T19:53:24.390+0000] {logging_mixin.py:188} WARNING - 2026/05/16 19:53:24 WARNING mlflow.models.model: `artifact_path` is deprecated. Please use `name` instead.
[2026-05-16T19:53:24.544+0000] {logging_mixin.py:188} WARNING - 2026/05/16 19:53:24 WARNING mlflow.sklearn: Saving scikit-learn models in the pickle or cloudpickle format requires exercising caution because these formats rely on Python's object serialization mechanism, which can execute arbitrary code during deserialization. The recommended safe alternative is the 'skops' format. For more information, see: https://scikit-learn.org/stable/model_persistence.html
[2026-05-16T19:53:30.744+0000] {titanic_dag.py:128} INFO - 🏆 Meilleur : XGBoost (F1=0.7328)
[2026-05-16T19:53:30.781+0000] {python.py:237} INFO - Done. Returned value was: None
[2026-05-16T19:53:30.783+0000] {taskinstance.py:441} INFO - ::group::Post task execution logs
[2026-05-16T19:53:30.796+0000] {taskinstance.py:1206} INFO - Marking task as SUCCESS. dag_id=titanic_mlops_pipeline, task_id=training, run_id=scheduled__2026-05-03T00:00:00+00:00, execution_date=20260503T000000, start_date=20260516T195222, end_date=20260516T195330
[2026-05-16T19:53:30.837+0000] {local_task_job_runner.py:240} INFO - Task exited with return code 0
[2026-05-16T19:53:30.886+0000] {taskinstance.py:3498} INFO - 1 downstream tasks scheduled from follow-on schedule check
[2026-05-16T19:53:30.890+0000] {local_task_job_runner.py:222} INFO - ::endgroup::
