[2026-05-16T19:51:53.060+0000] {manager.py:470} INFO - Processing files using up to 2 processes at a time 
[2026-05-16T19:51:53.062+0000] {manager.py:471} INFO - Process each file at most once every 30 seconds
[2026-05-16T19:51:53.064+0000] {manager.py:472} INFO - Checking for new files in /opt/airflow/dags every 300 seconds
[2026-05-16T19:51:53.068+0000] {manager.py:737} INFO - Searching for files in /opt/airflow/dags
[2026-05-16T19:51:53.107+0000] {manager.py:740} INFO - There are 1 files in /opt/airflow/dags
[2026-05-16T19:51:54.288+0000] {manager.py:878} INFO - 
================================================================================
DAG File Processing Stats

File Path                           PID  Runtime      # DAGs    # Errors  Last Runtime    Last Run
--------------------------------  -----  ---------  --------  ----------  --------------  ----------
/opt/airflow/dags/titanic_dag.py    163  0.50s             0           0
================================================================================
[2026-05-16T19:52:24.945+0000] {manager.py:878} INFO - 
================================================================================
DAG File Processing Stats

File Path                         PID    Runtime      # DAGs    # Errors  Last Runtime    Last Run
--------------------------------  -----  ---------  --------  ----------  --------------  -------------------
/opt/airflow/dags/titanic_dag.py                           1           0  3.57s           2026-05-16T19:51:57
================================================================================
[2026-05-16T19:52:55.313+0000] {manager.py:878} INFO - 
================================================================================
DAG File Processing Stats

File Path                         PID    Runtime      # DAGs    # Errors  Last Runtime    Last Run
--------------------------------  -----  ---------  --------  ----------  --------------  -------------------
/opt/airflow/dags/titanic_dag.py                           1           0  2.19s           2026-05-16T19:52:30
================================================================================
[2026-05-16T19:53:26.308+0000] {manager.py:878} INFO - 
================================================================================
DAG File Processing Stats

File Path                         PID    Runtime      # DAGs    # Errors  Last Runtime    Last Run
--------------------------------  -----  ---------  --------  ----------  --------------  -------------------
/opt/airflow/dags/titanic_dag.py                           1           0  1.58s           2026-05-16T19:53:01
================================================================================
[2026-05-16T19:53:56.559+0000] {manager.py:878} INFO - 
================================================================================
DAG File Processing Stats

File Path                         PID    Runtime      # DAGs    # Errors  Last Runtime    Last Run
--------------------------------  -----  ---------  --------  ----------  --------------  -------------------
/opt/airflow/dags/titanic_dag.py                           1           0  0.17s           2026-05-16T19:53:32
================================================================================
[2026-05-16T19:54:26.854+0000] {manager.py:878} INFO - 
================================================================================
DAG File Processing Stats

File Path                         PID    Runtime      # DAGs    # Errors  Last Runtime    Last Run
--------------------------------  -----  ---------  --------  ----------  --------------  -------------------
/opt/airflow/dags/titanic_dag.py                           1           0  0.18s           2026-05-16T19:54:02
================================================================================
[2026-05-16T19:54:57.174+0000] {manager.py:878} INFO - 
================================================================================
DAG File Processing Stats

File Path                         PID    Runtime      # DAGs    # Errors  Last Runtime    Last Run
--------------------------------  -----  ---------  --------  ----------  --------------  -------------------
/opt/airflow/dags/titanic_dag.py                           1           0  0.28s           2026-05-16T19:54:33
================================================================================
[2026-05-16T19:55:27.550+0000] {manager.py:878} INFO - 
================================================================================
DAG File Processing Stats

File Path                         PID    Runtime      # DAGs    # Errors  Last Runtime    Last Run
--------------------------------  -----  ---------  --------  ----------  --------------  -------------------
/opt/airflow/dags/titanic_dag.py                           1           0  0.20s           2026-05-16T19:55:03
================================================================================
