[2026-05-16T19:53:32.143+0000] {local_task_job_runner.py:120} INFO - ::group::Pre task execution logs
[2026-05-16T19:53:32.213+0000] {taskinstance.py:2076} INFO - Dependencies all met for dep_context=non-requeueable deps ti=<TaskInstance: titanic_mlops_pipeline.monitoring scheduled__2026-05-03T00:00:00+00:00 [queued]>
[2026-05-16T19:53:32.225+0000] {taskinstance.py:2076} INFO - Dependencies all met for dep_context=requeueable deps ti=<TaskInstance: titanic_mlops_pipeline.monitoring scheduled__2026-05-03T00:00:00+00:00 [queued]>
[2026-05-16T19:53:32.226+0000] {taskinstance.py:2306} INFO - Starting attempt 1 of 2
[2026-05-16T19:53:32.245+0000] {taskinstance.py:2330} INFO - Executing <Task(PythonOperator): monitoring> on 2026-05-03 00:00:00+00:00
[2026-05-16T19:53:32.253+0000] {standard_task_runner.py:90} INFO - Running: ['***', 'tasks', 'run', 'titanic_mlops_pipeline', 'monitoring', 'scheduled__2026-05-03T00:00:00+00:00', '--job-id', '5', '--raw', '--subdir', 'DAGS_FOLDER/titanic_dag.py', '--cfg-path', '/tmp/tmp3vnwjh4b']
[2026-05-16T19:53:32.257+0000] {standard_task_runner.py:91} INFO - Job 5: Subtask monitoring
[2026-05-16T19:53:32.270+0000] {logging_mixin.py:188} WARNING - /home/***/.local/lib/python3.12/site-packages/***/task/task_runner/standard_task_runner.py:61 DeprecationWarning: This process (pid=279) is multi-threaded, use of fork() may lead to deadlocks in the child.
[2026-05-16T19:53:32.271+0000] {standard_task_runner.py:63} INFO - Started process 280 to run task
[2026-05-16T19:53:32.358+0000] {task_command.py:426} INFO - Running <TaskInstance: titanic_mlops_pipeline.monitoring scheduled__2026-05-03T00:00:00+00:00 [running]> on host 833e00ffa591
[2026-05-16T19:53:32.471+0000] {taskinstance.py:2648} INFO - Exporting env vars: AIRFLOW_CTX_DAG_OWNER='etudiant-mlops' AIRFLOW_CTX_DAG_ID='titanic_mlops_pipeline' AIRFLOW_CTX_TASK_ID='monitoring' AIRFLOW_CTX_EXECUTION_DATE='2026-05-03T00:00:00+00:00' AIRFLOW_CTX_TRY_NUMBER='1' AIRFLOW_CTX_DAG_RUN_ID='scheduled__2026-05-03T00:00:00+00:00'
[2026-05-16T19:53:32.474+0000] {taskinstance.py:430} INFO - ::endgroup::
[2026-05-16T19:53:37.574+0000] {taskinstance.py:441} INFO - ::group::Post task execution logs
[2026-05-16T19:53:37.575+0000] {taskinstance.py:2905} ERROR - Task failed with exception
Traceback (most recent call last):
  File "/home/airflow/.local/lib/python3.12/site-packages/airflow/models/taskinstance.py", line 465, in _execute_task
    result = _execute_callable(context=context, **execute_callable_kwargs)
             ^^^^^^^^^^^^^^^^^^^^^^^^^^^^^^^^^^^^^^^^^^^^^^^^^^^^^^^^^^^^^
  File "/home/airflow/.local/lib/python3.12/site-packages/airflow/models/taskinstance.py", line 432, in _execute_callable
    return execute_callable(context=context, **execute_callable_kwargs)
           ^^^^^^^^^^^^^^^^^^^^^^^^^^^^^^^^^^^^^^^^^^^^^^^^^^^^^^^^^^^^
  File "/home/airflow/.local/lib/python3.12/site-packages/airflow/models/baseoperator.py", line 400, in wrapper
    return func(self, *args, **kwargs)
           ^^^^^^^^^^^^^^^^^^^^^^^^^^^
  File "/home/airflow/.local/lib/python3.12/site-packages/airflow/operators/python.py", line 235, in execute
    return_value = self.execute_callable()
                   ^^^^^^^^^^^^^^^^^^^^^^^
  File "/home/airflow/.local/lib/python3.12/site-packages/airflow/operators/python.py", line 252, in execute_callable
    return self.python_callable(*self.op_args, **self.op_kwargs)
           ^^^^^^^^^^^^^^^^^^^^^^^^^^^^^^^^^^^^^^^^^^^^^^^^^^^^^
  File "/opt/airflow/dags/titanic_dag.py", line 137, in task_monitoring
    from evidently.report import Report
ModuleNotFoundError: No module named 'evidently.report'
[2026-05-16T19:53:37.594+0000] {taskinstance.py:1206} INFO - Marking task as UP_FOR_RETRY. dag_id=titanic_mlops_pipeline, task_id=monitoring, run_id=scheduled__2026-05-03T00:00:00+00:00, execution_date=20260503T000000, start_date=20260516T195332, end_date=20260516T195337
[2026-05-16T19:53:37.610+0000] {standard_task_runner.py:110} ERROR - Failed to execute job 5 for task monitoring (No module named 'evidently.report'; 280)
[2026-05-16T19:53:37.668+0000] {local_task_job_runner.py:240} INFO - Task exited with return code 1
[2026-05-16T19:53:37.685+0000] {taskinstance.py:3498} INFO - 0 downstream tasks scheduled from follow-on schedule check
[2026-05-16T19:53:37.690+0000] {local_task_job_runner.py:222} INFO - ::endgroup::
